// Jest Snapshot v1, https://goo.gl/fbAQLP

exports[`Card test Has not props should render Card component without props 1`] = `
<div
  className="max-w-sm rounded overflow-hidden shadow-lg"
>
  <div
    className="px-6 py-4"
  >
    <div
      className="font-bold text-xl mb-2"
    >
      The Coolest Joke
    </div>
    <p
      className="text-gray-700 text-base"
    >
      Click on button get random text
    </p>
  </div>
  <div
    className="px-6 pt-4 pb-2"
  />
</div>
`;

exports[`Card test Has props should render Card component 1`] = `ShallowWrapper {}`;
