// Jest Snapshot v1, https://goo.gl/fbAQLP

exports[`Button test should render Button component 1`] = `
<button
  className="bg-blue-500 hover:bg-blue-700 text-white font-bold py-2 px-4 rounded"
  onClick={[MockFunction]}
  type="button"
>
  Some text
</button>
`;
